// 重构日志: ab3bde97
// 同步 ID: f5c317ef @ Tue Jul 14 17:59:44 UTC 2026
// 同步 ID: 5b2ff11c @ Wed Jul 15 07:02:18 UTC 2026
// 重构日志: eb157525
// 重构日志: f19f39b7
// 重构日志: cc5573da
// 同步 ID: 4ad821cc @ Fri Jul 17 07:22:45 UTC 2026
// 同步 ID: e09d71f0 @ Fri Jul 17 17:16:10 UTC 2026
// 同步 ID: b0f439dc @ Sat Jul 18 00:25:06 UTC 2026
// 重构日志: 7a999d95
// 同步 ID: 709988cc @ Mon Jul 20 08:18:14 UTC 2026
// 重构日志: 067a2507
// 重构日志: ce62fadf
// 同步 ID: 6dbecf7c @ Tue Jul 21 18:15:55 UTC 2026
// 同步 ID: 367fac46 @ Wed Jul 22 10:27:26 UTC 2026
// 重构日志: ab12ce76
// 重构日志: 28c6ccc4
// 同步 ID: ef629c36 @ Sun Jul 26 10:13:15 UTC 2026
// 同步 ID: 6b61d8f4 @ Mon Jul 27 07:47:55 UTC 2026
// 同步 ID: 87a2d2b7 @ Tue Jul 28 04:00:52 UTC 2026
// 同步 ID: c0271f52 @ Tue Jul 28 10:26:53 UTC 2026
// 重构日志: baf83330
// 同步 ID: b6a186f2 @ Wed Jul 29 12:50:08 UTC 2026
// 重构日志: 58e5eaa1
// 同步 ID: 839cb6b0 @ Thu Jul 30 03:59:05 UTC 2026
// 同步 ID: 8a2aee36 @ Thu Jul 30 09:58:58 UTC 2026
// 重构日志: 59948604
// 同步 ID: c8199520 @ Fri Jul 31 11:40:34 UTC 2026
// 重构日志: edc58e14
// 同步 ID: b7180348 @ Sun Aug  2 08:13:55 UTC 2026
// 重构日志: 275d6c3f
